2026-05-21T15:57:22.0754283Z    _____                               
2026-05-21T15:57:22.0756739Z   /  _  \ __________ _________   ____  
2026-05-21T15:57:22.0756890Z  /  /_\  \\___   /  |  \_  __ \_/ __ \ 
2026-05-21T15:57:22.0756930Z /    |    \/    /|  |  /|  | \/\  ___/ 
2026-05-21T15:57:22.0756968Z \____|__  /_____ \____/ |__|    \___  >
2026-05-21T15:57:22.0757014Z         \/      \/                  \/ 
2026-05-21T15:57:22.0757051Z A P P   S E R V I C E   O N   L I N U X
2026-05-21T15:57:22.0757087Z 
2026-05-21T15:57:22.0757151Z Documentation     : https://aka.ms/webapp-linux
2026-05-21T15:57:22.0757195Z Python quickstart : https://aka.ms/python-qs
2026-05-21T15:57:22.0757232Z Python version    : 3.11.15
2026-05-21T15:57:22.0757270Z Instance name     : lw1sdlwk00071B
2026-05-21T15:57:22.0757314Z Instance id       : 9d9ad26f55314832f40453d107bc280606f9336225ee3827727ea25821b4efdd
2026-05-21T15:57:22.0757350Z 
2026-05-21T15:57:22.0757386Z App port          : 8000
2026-05-21T15:57:22.0757441Z Port selected by  : Default for this image
2026-05-21T15:57:22.0757481Z (Learn more about the PORT appsetting https://aka.ms/webapp-python-settings)
2026-05-21T15:57:22.0763698Z 
2026-05-21T15:57:22.0763783Z Note: Any data outside '/home' is not persisted
2026-05-21T15:57:22.0763821Z 
2026-05-21T15:57:22.0763879Z ────────────────────────────────────────────────────────────────
2026-05-21T15:57:22.0763959Z  Run 'apphelp' for available commands and aliases.
2026-05-21T15:57:22.0763999Z  Run 'install-nettools' to install networking utilities.
2026-05-21T15:57:22.0764048Z ────────────────────────────────────────────────────────────────
2026-05-21T15:57:41.5649363Z Starting OpenBSD Secure Shell server: sshd.
2026-05-21T15:57:41.7833860Z WEBSITES_INCLUDE_CLOUD_CERTS is not set to true.
2026-05-21T15:57:42.2436995Z Updating certificates in /etc/ssl/certs...
2026-05-21T15:58:27.1821084Z 4 added, 0 removed; done.
2026-05-21T15:58:27.1821646Z Running hooks in /etc/ca-certificates/update.d...
2026-05-21T15:58:27.1821721Z done.
2026-05-21T15:58:27.1822330Z CA certificates copied and updated successfully.
2026-05-21T15:58:27.1835079Z rehash: warning: skipping ca-certificates.crt,it does not contain exactly one certificate or CRL
2026-05-21T15:58:27.1835504Z rehash: warning: skipping duplicate certificate in azl_SSL.com_TLS_ECC_Root_CA_2022.pem
2026-05-21T15:58:27.1835558Z rehash: warning: skipping duplicate certificate in azl_SSL.com_TLS_RSA_Root_CA_2022.pem
2026-05-21T15:58:27.2230698Z Site's appCommandLine: python -m uvicorn src.api.server:app --host 0.0.0.0 --port 8000
2026-05-21T15:58:27.8594935Z Starting periodic command scheduler: cron.
2026-05-21T15:58:27.8705236Z Launching oryx with: create-script -appPath /home/site/wwwroot -output /opt/startup/startup.sh -virtualEnvName antenv -defaultApp /opt/defaultsite -userStartupCommand 'python -m uvicorn src.api.server:app --host 0.0.0.0 --port 8000'
2026-05-21T15:58:28.6143837Z Could not find build manifest file at '/home/site/wwwroot/oryx-manifest.toml'
2026-05-21T15:58:28.6144305Z Could not find operation ID in manifest. Generating an operation id...
2026-05-21T15:58:28.6144361Z Build Operation ID: 5578cd42-2f54-4f9e-be6f-3ea863749057
2026-05-21T15:58:29.8710959Z Oryx Version: 0.2.20260504.2, Commit: a776ec9f2fd225b305599e35443ecb3533bcdb26, ReleaseTagName: 20260504.2
2026-05-21T15:58:29.9009760Z Writing output script to '/opt/startup/startup.sh'
2026-05-21T15:58:29.9995156Z WARNING: Could not find virtual environment directory /home/site/wwwroot/antenv.
2026-05-21T15:58:29.9996538Z WARNING: Could not find package directory /home/site/wwwroot/__oryx_packages__.
2026-05-21T15:58:30.2741759Z /opt/python/3.11.15/bin/python: No module named uvicorn
2026-05-21T15:59:04.1813434Z    _____                               
2026-05-21T15:59:04.2376447Z   /  _  \ __________ _________   ____  
2026-05-21T15:59:04.2376783Z  /  /_\  \\___   /  |  \_  __ \_/ __ \ 
2026-05-21T15:59:04.2376828Z /    |    \/    /|  |  /|  | \/\  ___/ 
2026-05-21T15:59:04.2376873Z \____|__  /_____ \____/ |__|    \___  >
2026-05-21T15:59:04.2376988Z         \/      \/                  \/ 
2026-05-21T15:59:04.2377029Z A P P   S E R V I C E   O N   L I N U X
2026-05-21T15:59:04.2377066Z 
2026-05-21T15:59:04.2377108Z Documentation     : https://aka.ms/webapp-linux
2026-05-21T15:59:04.2377149Z Python quickstart : https://aka.ms/python-qs
2026-05-21T15:59:04.2377186Z Python version    : 3.11.15
2026-05-21T15:59:04.2377241Z Instance name     : lw1sdlwk00071B
2026-05-21T15:59:04.2377290Z Instance id       : 9d9ad26f55314832f40453d107bc280606f9336225ee3827727ea25821b4efdd
2026-05-21T15:59:04.2377328Z 
2026-05-21T15:59:04.2377363Z App port          : 8000
2026-05-21T15:59:04.2377401Z Port selected by  : Default for this image
2026-05-21T15:59:04.2377441Z (Learn more about the PORT appsetting https://aka.ms/webapp-python-settings)
2026-05-21T15:59:04.2377494Z 
2026-05-21T15:59:04.2377533Z Note: Any data outside '/home' is not persisted
2026-05-21T15:59:04.2377567Z 
2026-05-21T15:59:04.2377621Z ────────────────────────────────────────────────────────────────
2026-05-21T15:59:04.2377663Z  Run 'apphelp' for available commands and aliases.
2026-05-21T15:59:04.2378770Z  Run 'install-nettools' to install networking utilities.
2026-05-21T15:59:04.2378948Z ────────────────────────────────────────────────────────────────
2026-05-21T15:59:07.3937208Z Starting OpenBSD Secure Shell server: sshd.
2026-05-21T15:59:07.4338897Z WEBSITES_INCLUDE_CLOUD_CERTS is not set to true.
2026-05-21T15:59:07.5526857Z Updating certificates in /etc/ssl/certs...
2026-05-21T15:59:34.7287870Z rehash: warning: skipping ca-certificates.crt,it does not contain exactly one certificate or CRL
2026-05-21T15:59:34.7562065Z rehash: warning: skipping duplicate certificate in azl_SSL.com_TLS_ECC_Root_CA_2022.pem
2026-05-21T15:59:34.8463912Z rehash: warning: skipping duplicate certificate in azl_SSL.com_TLS_RSA_Root_CA_2022.pem
2026-05-21T15:59:34.9677813Z 4 added, 0 removed; done.
2026-05-21T15:59:34.9678334Z Running hooks in /etc/ca-certificates/update.d...
2026-05-21T15:59:35.0364792Z done.
2026-05-21T15:59:35.0365614Z CA certificates copied and updated successfully.
2026-05-21T15:59:35.5754623Z Site's appCommandLine: python -m uvicorn src.api.server:app --host 0.0.0.0 --port 8000
2026-05-21T15:59:37.6518169Z Starting periodic command scheduler: cron.
2026-05-21T15:59:37.6519052Z Launching oryx with: create-script -appPath /home/site/wwwroot -output /opt/startup/startup.sh -virtualEnvName antenv -defaultApp /opt/defaultsite -userStartupCommand 'python -m uvicorn src.api.server:app --host 0.0.0.0 --port 8000'
2026-05-21T15:59:39.6871425Z Could not find build manifest file at '/home/site/wwwroot/oryx-manifest.toml'
2026-05-21T15:59:39.6871903Z Could not find operation ID in manifest. Generating an operation id...
2026-05-21T15:59:39.6871954Z Build Operation ID: e6e04789-6d39-4b28-940f-681f32a453da
2026-05-21T15:59:42.2005892Z Oryx Version: 0.2.20260504.2, Commit: a776ec9f2fd225b305599e35443ecb3533bcdb26, ReleaseTagName: 20260504.2
2026-05-21T15:59:42.3195786Z Writing output script to '/opt/startup/startup.sh'
2026-05-21T15:59:42.5681626Z WARNING: Could not find virtual environment directory /home/site/wwwroot/antenv.
2026-05-21T15:59:42.5682133Z WARNING: Could not find package directory /home/site/wwwroot/__oryx_packages__.
2026-05-21T15:59:43.0986436Z /opt/python/3.11.15/bin/python: No module named uvicorn
