2026-05-21T15:57:22.0754283Z    _____                               
2026-05-21T15:57:22.0756739Z   /  _  \ __________ _________   ____  
2026-05-21T15:57:22.0756890Z  /  /_\  \\___   /  |  \_  __ \_/ __ \ 
2026-05-21T15:57:22.0756930Z /    |    \/    /|  |  /|  | \/\  ___/ 
2026-05-21T15:57:22.0756968Z \____|__  /_____ \____/ |__|    \___  >
2026-05-21T15:57:22.0757014Z         \/      \/                  \/ 
2026-05-21T15:57:22.0757051Z A P P   S E R V I C E   O N   L I N U X
2026-05-21T15:57:22.0757087Z 
2026-05-21T15:57:22.0757151Z Documentation     : https://aka.ms/webapp-linux
2026-05-21T15:57:22.0757195Z Python quickstart : https://aka.ms/python-qs
2026-05-21T15:57:22.0757232Z Python version    : 3.11.15
2026-05-21T15:57:22.0757270Z Instance name     : lw1sdlwk00071B
2026-05-21T15:57:22.0757314Z Instance id       : 9d9ad26f55314832f40453d107bc280606f9336225ee3827727ea25821b4efdd
2026-05-21T15:57:22.0757350Z 
2026-05-21T15:57:22.0757386Z App port          : 8000
2026-05-21T15:57:22.0757441Z Port selected by  : Default for this image
2026-05-21T15:57:22.0757481Z (Learn more about the PORT appsetting https://aka.ms/webapp-python-settings)
2026-05-21T15:57:22.0763698Z 
2026-05-21T15:57:22.0763783Z Note: Any data outside '/home' is not persisted
2026-05-21T15:57:22.0763821Z 
2026-05-21T15:57:22.0763879Z ────────────────────────────────────────────────────────────────
2026-05-21T15:57:22.0763959Z  Run 'apphelp' for available commands and aliases.
2026-05-21T15:57:22.0763999Z  Run 'install-nettools' to install networking utilities.
2026-05-21T15:57:22.0764048Z ────────────────────────────────────────────────────────────────
