2026-05-21T15:56:54.9214447Z     __ __          __      __    _ __     
2026-05-21T15:56:55.0016117Z    / //_/_  _ ____/ /_  __/ /   (_) /____ 
2026-05-21T15:56:55.0016401Z   / ,< / / / / __  / / / / /   / / __/ _  
2026-05-21T15:56:55.0016506Z  / /| / /_/ / /_/ / /_/ / /___/ / /_/  __/
2026-05-21T15:56:55.0016540Z /_/ |_\__,_/\__,_/\__,_/_____/_/\__/\___/ 
2026-05-21T15:56:55.0016571Z 
2026-05-21T15:56:55.0016649Z                                           
2026-05-21T15:56:55.0016681Z DEBUG CONSOLE | AZURE APP SERVICE ON LINUX
2026-05-21T15:56:55.0016711Z 
2026-05-21T15:56:55.0016743Z Documentation: http://aka.ms/webapp-linux
2026-05-21T15:56:55.0016782Z Kudu Version : 20260420.5
2026-05-21T15:56:55.0016836Z Commit       : 7a094e2df1cfed4581bd19068ff5e3be7c578796
2026-05-21T15:56:55.0016869Z Instance Name: lw1sdlwk00071B
2026-05-21T15:56:55.0016913Z Instance Id  : 9d9ad26f55314832f40453d107bc280606f9336225ee3827727ea25821b4efdd
2026-05-21T15:56:55.0016943Z 
2026-05-21T15:56:55.3606208Z chown: changing ownership of '/temp': Operation not permitted
2026-05-21T15:56:55.3800520Z chmod: changing permissions of '/temp': Operation not permitted
2026-05-21T15:56:58.1160970Z Restarting OpenBSD Secure Shell server: sshd.
2026-05-21T15:56:58.3437726Z node not running, starting node /opt/webssh/index.js
2026-05-21T15:57:15.7357868Z Thu May 21 15:57:15 UTC 2026 running .net core
2026-05-21T15:57:21.8375451Z Startup : 03.57.21.358243
2026-05-21T15:57:22.2056362Z Configure Services : 03.57.22.187056
2026-05-21T15:57:26.4803106Z Configure : 03.57.26.479954
